C:/Users/chomoris/Downloads/SS DA/BLE_p2pClient/STM32_WPAN/App/gatt_client_app.c:200:6:GATT_CLIENT_APP_Init	16	static
C:/Users/chomoris/Downloads/SS DA/BLE_p2pClient/STM32_WPAN/App/gatt_client_app.c:251:6:GATT_CLIENT_APP_Notification	24	static
C:/Users/chomoris/Downloads/SS DA/BLE_p2pClient/STM32_WPAN/App/gatt_client_app.c:296:9:GATT_CLIENT_APP_Set_Conn_Handle	24	static
C:/Users/chomoris/Downloads/SS DA/BLE_p2pClient/STM32_WPAN/App/gatt_client_app.c:313:9:GATT_CLIENT_APP_Get_State	16	static
C:/Users/chomoris/Downloads/SS DA/BLE_p2pClient/STM32_WPAN/App/gatt_client_app.c:318:6:GATT_CLIENT_APP_Discover_services	16	static
C:/Users/chomoris/Downloads/SS DA/BLE_p2pClient/STM32_WPAN/App/gatt_client_app.c:328:9:GATT_CLIENT_APP_Procedure_Gatt	40	static
C:/Users/chomoris/Downloads/SS DA/BLE_p2pClient/STM32_WPAN/App/gatt_client_app.c:548:30:Event_Handler	72	static
C:/Users/chomoris/Downloads/SS DA/BLE_p2pClient/STM32_WPAN/App/gatt_client_app.c:658:20:gatt_Notification	24	static
C:/Users/chomoris/Downloads/SS DA/BLE_p2pClient/STM32_WPAN/App/gatt_client_app.c:719:13:gatt_parse_services	56	static
C:/Users/chomoris/Downloads/SS DA/BLE_p2pClient/STM32_WPAN/App/gatt_client_app.c:804:13:gatt_parse_services_by_UUID	32	static
C:/Users/chomoris/Downloads/SS DA/BLE_p2pClient/STM32_WPAN/App/gatt_client_app.c:830:13:gatt_parse_chars	64	static
C:/Users/chomoris/Downloads/SS DA/BLE_p2pClient/STM32_WPAN/App/gatt_client_app.c:941:13:gatt_parse_descs	40	static
C:/Users/chomoris/Downloads/SS DA/BLE_p2pClient/STM32_WPAN/App/gatt_client_app.c:1079:13:gatt_parse_notification	40	static
C:/Users/chomoris/Downloads/SS DA/BLE_p2pClient/STM32_WPAN/App/gatt_client_app.c:1119:13:client_discover_all	16	static
C:/Users/chomoris/Downloads/SS DA/BLE_p2pClient/STM32_WPAN/App/gatt_client_app.c:1134:13:gatt_cmd_resp_release	8	static
C:/Users/chomoris/Downloads/SS DA/BLE_p2pClient/STM32_WPAN/App/gatt_client_app.c:1140:13:gatt_cmd_resp_wait	8	static
C:/Users/chomoris/Downloads/SS DA/BLE_p2pClient/STM32_WPAN/App/gatt_client_app.c:1148:13:P2Pclient_write_char	24	static
