../../Drivers/STM32WBAxx_HAL_Driver/Inc/stm32wbaxx_ll_rcc.h:1826:26:LL_RCC_RADIO_GetSleepTimerClockSource	4	static
../../Drivers/STM32WBAxx_HAL_Driver/Inc/stm32wbaxx_ll_system.h:956:26:LL_DBGMCU_GetRevisionID	4	static
C:/Users/chomoris/Downloads/SS DA/BLE_p2pServer/STM32_WPAN/Target/ll_sys_if.c:83:6:ll_sys_bg_process_init	8	static
C:/Users/chomoris/Downloads/SS DA/BLE_p2pServer/STM32_WPAN/Target/ll_sys_if.c:94:6:ll_sys_schedule_bg_process	8	static
C:/Users/chomoris/Downloads/SS DA/BLE_p2pServer/STM32_WPAN/Target/ll_sys_if.c:104:6:ll_sys_schedule_bg_process_isr	8	static
C:/Users/chomoris/Downloads/SS DA/BLE_p2pServer/STM32_WPAN/Target/ll_sys_if.c:114:6:ll_sys_config_params	8	static
C:/Users/chomoris/Downloads/SS DA/BLE_p2pServer/STM32_WPAN/Target/ll_sys_if.c:139:9:ll_sys_BLE_sleep_clock_accuracy_selection	24	static
C:/Users/chomoris/Downloads/SS DA/BLE_p2pServer/STM32_WPAN/Target/ll_sys_if.c:186:6:ll_sys_sleep_clock_source_selection	16	static
C:/Users/chomoris/Downloads/SS DA/BLE_p2pServer/STM32_WPAN/Target/ll_sys_if.c:214:6:ll_sys_reset	16	static
