C:/Users/chomoris/Downloads/SS DA/BLE_p2pClient/System/Modules/ble_timer.c:55:6:BLE_TIMER_Init	8	static
C:/Users/chomoris/Downloads/SS DA/BLE_p2pClient/System/Modules/ble_timer.c:64:9:BLE_TIMER_Start	32	static
C:/Users/chomoris/Downloads/SS DA/BLE_p2pClient/System/Modules/ble_timer.c:99:6:BLE_TIMER_Stop	24	static
C:/Users/chomoris/Downloads/SS DA/BLE_p2pClient/System/Modules/ble_timer.c:113:13:BLE_TIMER_Background	8	static
C:/Users/chomoris/Downloads/SS DA/BLE_p2pClient/System/Modules/ble_timer.c:124:13:BLE_TIMER_Callback	16	static
C:/Users/chomoris/Downloads/SS DA/BLE_p2pClient/System/Modules/ble_timer.c:131:21:BLE_TIMER_GetFromList	24	static
