../../Drivers/STM32WBAxx_HAL_Driver/Inc/stm32wbaxx_ll_rcc.h:3149:22:LL_RCC_ClearResetFlags	4	static
C:/Users/chomoris/Downloads/SS DA/BLE_p2pServer/Core/Src/app_entry.c:160:6:MX_APPE_Config	8	static
C:/Users/chomoris/Downloads/SS DA/BLE_p2pServer/Core/Src/app_entry.c:169:10:MX_APPE_Init	16	static
C:/Users/chomoris/Downloads/SS DA/BLE_p2pServer/Core/Src/app_entry.c:223:6:MX_APPE_Process	8	static
C:/Users/chomoris/Downloads/SS DA/BLE_p2pServer/Core/Src/app_entry.c:248:13:Config_HSE	16	static
C:/Users/chomoris/Downloads/SS DA/BLE_p2pServer/Core/Src/app_entry.c:267:13:System_Init	8	static
C:/Users/chomoris/Downloads/SS DA/BLE_p2pServer/Core/Src/app_entry.c:314:13:SystemPower_Config	8	static
C:/Users/chomoris/Downloads/SS DA/BLE_p2pServer/Core/Src/app_entry.c:374:13:APPE_RNG_Init	8	static
C:/Users/chomoris/Downloads/SS DA/BLE_p2pServer/Core/Src/app_entry.c:387:13:APPE_FLASH_MANAGER_Init	8	static
C:/Users/chomoris/Downloads/SS DA/BLE_p2pServer/Core/Src/app_entry.c:405:13:APPE_BPKA_Init	8	static
C:/Users/chomoris/Downloads/SS DA/BLE_p2pServer/Core/Src/app_entry.c:411:13:APPE_AMM_Init	8	static
C:/Users/chomoris/Downloads/SS DA/BLE_p2pServer/Core/Src/app_entry.c:433:6:UTIL_SEQ_Idle	4	static
C:/Users/chomoris/Downloads/SS DA/BLE_p2pServer/Core/Src/app_entry.c:448:6:UTIL_SEQ_PreIdle	4	static
C:/Users/chomoris/Downloads/SS DA/BLE_p2pServer/Core/Src/app_entry.c:484:6:UTIL_SEQ_PostIdle	4	static
C:/Users/chomoris/Downloads/SS DA/BLE_p2pServer/Core/Src/app_entry.c:500:6:BPKACB_Process	8	static
C:/Users/chomoris/Downloads/SS DA/BLE_p2pServer/Core/Src/app_entry.c:508:6:HWCB_RNG_Process	8	static
C:/Users/chomoris/Downloads/SS DA/BLE_p2pServer/Core/Src/app_entry.c:513:6:AMM_RegisterBasicMemoryManager	16	static
C:/Users/chomoris/Downloads/SS DA/BLE_p2pServer/Core/Src/app_entry.c:521:6:AMM_ProcessRequest	8	static
C:/Users/chomoris/Downloads/SS DA/BLE_p2pServer/Core/Src/app_entry.c:527:13:AMM_WrapperInit	16	static
C:/Users/chomoris/Downloads/SS DA/BLE_p2pServer/Core/Src/app_entry.c:532:19:AMM_WrapperAllocate	16	static
C:/Users/chomoris/Downloads/SS DA/BLE_p2pServer/Core/Src/app_entry.c:537:13:AMM_WrapperFree	16	static
C:/Users/chomoris/Downloads/SS DA/BLE_p2pServer/Core/Src/app_entry.c:542:6:FM_ProcessRequest	8	static
C:/Users/chomoris/Downloads/SS DA/BLE_p2pServer/Core/Src/app_entry.c:577:6:UTIL_ADV_TRACE_PreSendHook	4	static
C:/Users/chomoris/Downloads/SS DA/BLE_p2pServer/Core/Src/app_entry.c:588:6:UTIL_ADV_TRACE_PostSendHook	4	static
C:/Users/chomoris/Downloads/SS DA/BLE_p2pServer/Core/Src/app_entry.c:606:6:Serial_CMD_Interpreter_CmdExecute	16	static
