../../Drivers/STM32WBAxx_HAL_Driver/Inc/stm32wbaxx_ll_pwr.h:850:22:LL_PWR_SetICacheRAMStopRetention	16	static
../../Drivers/STM32WBAxx_HAL_Driver/Inc/stm32wbaxx_ll_icache.h:219:22:LL_ICACHE_Enable	4	static
../../Drivers/STM32WBAxx_HAL_Driver/Inc/stm32wbaxx_ll_icache.h:252:22:LL_ICACHE_SetMode	16	static
C:/Users/chomoris/Downloads/SS DA/BLE_p2pClient/Core/Src/main.c:75:5:main	8	static
C:/Users/chomoris/Downloads/SS DA/BLE_p2pClient/Core/Src/main.c:132:6:SystemClock_Config	104	static
C:/Users/chomoris/Downloads/SS DA/BLE_p2pClient/Core/Src/main.c:200:6:PeriphCommonClock_Config	80	static
C:/Users/chomoris/Downloads/SS DA/BLE_p2pClient/Core/Src/main.c:220:6:MX_ADC4_Init	24	static
C:/Users/chomoris/Downloads/SS DA/BLE_p2pClient/Core/Src/main.c:279:6:MX_CRC_Init	8	static
C:/Users/chomoris/Downloads/SS DA/BLE_p2pClient/Core/Src/main.c:312:6:MX_GPDMA1_Init	16	static
C:/Users/chomoris/Downloads/SS DA/BLE_p2pClient/Core/Src/main.c:342:6:MX_ICACHE_Init	8	static
C:/Users/chomoris/Downloads/SS DA/BLE_p2pClient/Core/Src/main.c:372:6:MX_RAMCFG_Init	8	static
C:/Users/chomoris/Downloads/SS DA/BLE_p2pClient/Core/Src/main.c:401:6:MX_RTC_Init	88	static
C:/Users/chomoris/Downloads/SS DA/BLE_p2pClient/Core/Src/main.c:471:6:MX_USART1_UART_Init	8	static
C:/Users/chomoris/Downloads/SS DA/BLE_p2pClient/Core/Src/main.c:519:6:MX_GPIO_Init	24	static
C:/Users/chomoris/Downloads/SS DA/BLE_p2pClient/Core/Src/main.c:542:6:Error_Handler	4	static,ignoring_inline_asm
C:/Users/chomoris/Downloads/SS DA/BLE_p2pClient/Core/Src/main.c:560:6:assert_failed	16	static
